\BOOKMARK [1][-]{section.1}{\376\377\000I\000n\000t\000r\000o\000d\000u\000\347\000\343\000o}{}% 1
\BOOKMARK [1][-]{section.2}{\376\377\000O\000t\000i\000m\000i\000z\000a\000\347\000\343\000o}{}% 2
\BOOKMARK [2][-]{subsection.2.1}{\376\377\000E\000s\000t\000r\000u\000t\000u\000r\000a\000\040\000d\000e\000\040\000o\000t\000i\000m\000i\000z\000a\000\347\000\343\000o\000\040\000m\000u\000l\000t\000i\000o\000b\000j\000e\000t\000i\000v\000o}{section.2}% 3
\BOOKMARK [2][-]{subsection.2.2}{\376\377\000A\000l\000g\000o\000r\000i\000t\000m\000o\000\040\000d\000e\000\040\000o\000t\000i\000m\000i\000z\000a\000\347\000\343\000o\000\040\000N\000S\000G\000A\000-\000I\000I}{section.2}% 4
\BOOKMARK [2][-]{subsection.2.3}{\376\377\000R\000o\000b\000u\000s\000t\000e\000z\000\040\000n\000a\000\040\000o\000t\000i\000m\000i\000z\000a\000\347\000\343\000o}{section.2}% 5
\BOOKMARK [1][-]{section.3}{\376\377\000M\000e\000t\000o\000d\000o\000l\000o\000g\000i\000a}{}% 6
\BOOKMARK [2][-]{subsection.3.1}{\376\377\000D\000e\000f\000i\000n\000i\000\347\000\343\000o\000\040\000d\000o\000\040\000m\000o\000d\000e\000l\000o\000\040\000d\000e\000\040\000t\000e\000s\000t\000e\000\040\000e\000\040\000p\000r\000o\000p\000r\000i\000e\000d\000a\000d\000e\000s\000\040\000d\000o\000s\000\040\000m\000a\000t\000e\000r\000i\000a\000i\000s}{section.3}% 7
\BOOKMARK [2][-]{subsection.3.2}{\376\377\000S\000i\000s\000t\000e\000m\000a\000\040\000e\000s\000t\000r\000u\000t\000u\000r\000a\000l\000\040\000e\000\040\000m\000o\000d\000e\000l\000o\000\040\000p\000a\000r\000a\000m\000\351\000t\000r\000i\000c\000o}{section.3}% 8
\BOOKMARK [2][-]{subsection.3.3}{\376\377\000F\000o\000r\000m\000u\000l\000a\000\347\000\343\000o\000\040\000d\000a\000s\000\040\000r\000e\000s\000t\000r\000i\000\347\000\365\000e\000s\000\040\000e\000\040\000o\000t\000i\000m\000i\000z\000a\000\347\000\343\000o\000\040\000r\000o\000b\000u\000s\000t\000a}{section.3}% 9
\BOOKMARK [2][-]{subsection.3.4}{\376\377\000D\000i\000m\000e\000n\000s\000i\000o\000n\000a\000m\000e\000n\000t\000o\000\040\000e\000s\000t\000r\000u\000t\000u\000r\000a\000l\000\040\000s\000e\000g\000u\000n\000d\000o\000\040\000a\000\040\000N\000B\000R\000\040\0007\0001\0009\0000}{section.3}% 10
\BOOKMARK [3][-]{subsubsection.3.4.1}{\376\377\000P\000r\000o\000p\000r\000i\000e\000d\000a\000d\000e\000s\000\040\000g\000e\000o\000m\000\351\000t\000r\000i\000c\000a\000s\000\040\000d\000a\000\040\000s\000e\000\347\000\343\000o\000\040\000t\000r\000a\000n\000s\000v\000e\000r\000s\000a\000l}{subsection.3.4}% 11
\BOOKMARK [3][-]{subsubsection.3.4.2}{\376\377\000A\000\347\000\365\000e\000s\000\040\000p\000e\000r\000m\000a\000n\000e\000n\000t\000e\000s\000\040\000e\000\040\000t\000r\000e\000m\000\040\000t\000i\000p\000o}{subsection.3.4}% 12
\BOOKMARK [3][-]{subsubsection.3.4.3}{\376\377\000E\000s\000f\000o\000r\000\347\000o\000s\000\040\000s\000o\000l\000i\000c\000i\000t\000a\000n\000t\000e\000s\000\040\000e\000\040\000d\000e\000s\000l\000o\000c\000a\000m\000e\000n\000t\000o\000s}{subsection.3.4}% 13
\BOOKMARK [3][-]{subsubsection.3.4.4}{\376\377\000C\000o\000m\000b\000i\000n\000a\000\347\000\365\000e\000s\000\040\000e\000\040\000V\000e\000r\000i\000f\000i\000c\000a\000\347\000\365\000e\000s\000\040\000d\000e\000\040\000s\000e\000g\000u\000r\000a\000n\000\347\000a}{subsection.3.4}% 14
\BOOKMARK [1][-]{section.4}{\376\377\000R\000e\000s\000u\000l\000t\000a\000d\000o\000s\000\040\000e\000\040\000d\000i\000s\000c\000u\000s\000s\000\343\000o}{}% 15
\BOOKMARK [2][-]{subsection.4.1}{\376\377\000P\000l\000a\000t\000a\000f\000o\000r\000m\000a\000\040\000c\000o\000m\000p\000u\000t\000a\000c\000i\000o\000n\000a\000l}{section.4}% 16
\BOOKMARK [2][-]{subsection.4.2}{\376\377\000D\000e\000f\000i\000n\000i\000\347\000\343\000o\000\040\000d\000a\000\040\000m\000a\000t\000r\000i\000z\000\040\000d\000e\000\040\000c\000a\000s\000o\000s\000\040\000d\000e\000\040\000e\000s\000t\000u\000d\000o}{section.4}% 17
\BOOKMARK [2][-]{subsection.4.3}{\376\377\000C\000a\000s\000o\000\040\000d\000e\000\040\000r\000e\000f\000e\000r\000\352\000n\000c\000i\000a\000\040\000d\000e\000t\000a\000l\000h\000a\000d\000o\000:\000\040\000L\000\040\000=\000\040\0005\000,\0000\000\040\000m\000,\000\040\000c\000l\000a\000s\000s\000e\000\040\000D\0004\0000}{section.4}% 18
\BOOKMARK [3][-]{subsubsection.4.3.1}{\376\377\000F\000r\000o\000n\000t\000e\000i\000r\000a\000\040\000e\000f\000i\000c\000i\000e\000n\000t\000e\000\040\000e\000\040\000s\000o\000l\000u\000\347\000\365\000e\000s\000\040\000r\000e\000p\000r\000e\000s\000e\000n\000t\000a\000t\000i\000v\000a\000s}{subsection.4.3}% 19
\BOOKMARK [3][-]{subsubsection.4.3.2}{\376\377\000C\000o\000m\000p\000a\000r\000a\000\347\000\343\000o\000\040\000c\000o\000m\000\040\000a\000m\000o\000s\000t\000r\000a\000g\000e\000m\000\040\000a\000l\000e\000a\000t\000\363\000r\000i\000a}{subsection.4.3}% 20
\BOOKMARK [3][-]{subsubsection.4.3.3}{\376\377\000G\000r\000a\000u\000\040\000d\000e\000\040\000u\000t\000i\000l\000i\000z\000a\000\347\000\343\000o\000\040\000d\000a\000s\000\040\000v\000e\000r\000i\000f\000i\000c\000a\000\347\000\365\000e\000s\000\040\000n\000o\000r\000m\000a\000t\000i\000v\000a\000s}{subsection.4.3}% 21
\BOOKMARK [3][-]{subsubsection.4.3.4}{\376\377\000C\000u\000s\000t\000o\000\040\000d\000a\000\040\000r\000o\000b\000u\000s\000t\000e\000z}{subsection.4.3}% 22
\BOOKMARK [3][-]{subsubsection.4.3.5}{\376\377\000V\000a\000l\000i\000d\000a\000\347\000\343\000o\000\040\000p\000o\000r\000\040\000s\000i\000m\000u\000l\000a\000\347\000\343\000o\000\040\000d\000e\000\040\000M\000o\000n\000t\000e\000\040\000C\000a\000r\000l\000o\000\040\000i\000n\000d\000e\000p\000e\000n\000d\000e\000n\000t\000e}{subsection.4.3}% 23
\BOOKMARK [3][-]{subsubsection.4.3.6}{\376\377\000Q\000u\000a\000l\000i\000d\000a\000d\000e\000\040\000d\000a\000\040\000f\000r\000o\000n\000t\000e\000i\000r\000a\000:\000\040\000h\000i\000p\000e\000r\000v\000o\000l\000u\000m\000e\000\040\000e\000\040\000c\000o\000n\000v\000e\000r\000g\000\352\000n\000c\000i\000a}{subsection.4.3}% 24
\BOOKMARK [3][-]{subsubsection.4.3.7}{\376\377\000A\000n\000\341\000l\000i\000s\000e\000\040\000d\000e\000\040\000s\000e\000n\000s\000i\000b\000i\000l\000i\000d\000a\000d\000e\000\040\000g\000l\000o\000b\000a\000l\000\040\000p\000o\000r\000\040\000\355\000n\000d\000i\000c\000e\000s\000\040\000d\000e\000\040\000S\000o\000b\000o\000l}{subsection.4.3}% 25
\BOOKMARK [3][-]{subsubsection.4.3.8}{\376\377\000D\000i\000s\000p\000e\000r\000s\000\343\000o\000\040\000d\000a\000s\000\040\000v\000a\000r\000i\000\341\000v\000e\000i\000s\000\040\000d\000e\000\040\000p\000r\000o\000j\000e\000t\000o\000\040\000a\000o\000\040\000l\000o\000n\000g\000o\000\040\000d\000a\000\040\000f\000r\000o\000n\000t\000e\000i\000r\000a}{subsection.4.3}% 26
\BOOKMARK [2][-]{subsection.4.4}{\376\377\000V\000a\000r\000r\000e\000d\000u\000r\000a\000\040\000p\000a\000r\000a\000m\000\351\000t\000r\000i\000c\000a\000:\000\040\000e\000f\000e\000i\000t\000o\000\040\000d\000o\000\040\000v\000\343\000o\000\040\000e\000\040\000d\000a\000\040\000c\000l\000a\000s\000s\000e\000\040\000d\000e\000\040\000r\000e\000s\000i\000s\000t\000\352\000n\000c\000i\000a}{section.4}% 27
\BOOKMARK [2][-]{subsection.4.5}{\376\377\000\301\000b\000a\000c\000o\000s\000\040\000d\000e\000\040\000a\000n\000t\000e\000p\000r\000o\000j\000e\000t\000o}{section.4}% 28
\BOOKMARK [1][-]{section.5}{\376\377\000C\000o\000n\000c\000l\000u\000s\000\365\000e\000s}{}% 29
\BOOKMARK [1][-]{appendix.1.A}{\376\377\000D\000e\000m\000o\000n\000s\000t\000r\000a\000\347\000\343\000o\000\040\000m\000a\000n\000u\000a\000l\000\040\000d\000o\000\040\000d\000i\000m\000e\000n\000s\000i\000o\000n\000a\000m\000e\000n\000t\000o}{}% 30
\BOOKMARK [1][-]{appendix.1.B}{\376\377\000R\000e\000l\000a\000t\000\363\000r\000i\000o\000\040\000d\000e\000\040\000v\000e\000r\000i\000f\000i\000c\000a\000\347\000\343\000o\000\040\000d\000o\000s\000\040\000e\000l\000e\000m\000e\000n\000t\000o\000s}{}% 31
